// Jest Snapshot v1, https://goo.gl/fbAQLP

exports[`BaseAuxChannel init() should create a bot for the user 1`] = `
Object {
  "_auxUser": "username",
  "aux-users": true,
  "auxInventoryPortal": "_user_username_inventory",
  "auxMenuPortal": "_user_username_menu",
  "auxUniversesPortal": "_user_username_universes",
}
`;

exports[`BaseAuxChannel init() should create a user dimension bot 1`] = `
Object {
  "auxDimensionConfig": "aux-users",
  "auxDimensionVisualize": true,
}
`;

exports[`BaseAuxChannel init() should create the globals bot 1`] = `
Object {
  "auxDestroyable": false,
  "auxVersion": 1,
}
`;
