// Jest Snapshot v1, https://goo.gl/fbAQLP

exports[`BaseAuxChannel init() should create a bot for the user 1`] = `
Object {
  "_auxUser": "username",
  "_auxUserChannelsContext": "_user_username_simulations",
  "_auxUserInventoryContext": "_user_username_inventory",
  "_auxUserMenuContext": "_user_username_menu",
  "aux-users": true,
}
`;

exports[`BaseAuxChannel init() should create a user context bot 1`] = `
Object {
  "aux.context": "aux-users",
  "auxContextVisualize": true,
}
`;

exports[`BaseAuxChannel init() should create the globals bot 1`] = `
Object {
  "auxDestroyable": false,
  "auxVersion": 1,
}
`;
