// Jest Snapshot v1, https://goo.gl/fbAQLP

exports[`BaseAuxChannel init() should create a bot for the user 1`] = `
Object {
  "aux-users": true,
  "aux._mode": "bots",
  "_auxUser": "username",
  "aux._userInventoryContext": "_user_username_inventory",
  "aux._userMenuContext": "_user_username_menu",
  "aux._userSimulationsContext": "_user_username_simulations",
}
`;

exports[`BaseAuxChannel init() should create a user context bot 1`] = `
Object {
  "aux.context": "aux-users",
  "aux.context.visualize": true,
}
`;

exports[`BaseAuxChannel init() should create the globals bot 1`] = `
Object {
  "auxDestroyable": false,
  "auxVersion": 1,
}
`;
