// Jest Snapshot v1, https://goo.gl/fbAQLP

exports[`Atom2 atom() should create an atom 1`] = `
Object {
  "cause": null,
  "hash": "a72872ffa3664d13ce709e7083444c479f5a674d8df0bc70e0b1870425cc8fc7",
  "id": Object {
    "site": "A",
    "timestamp": 1,
  },
  "value": Object {
    "hello": "awesome!",
  },
}
`;
