// Jest Snapshot v1, https://goo.gl/fbAQLP

exports[`FinancialController init() should create all the default accounts 1`] = `
Array [
  Object {
    "code": 1001,
    "credits_pending": 0,
    "credits_posted": 0,
    "debits_pending": 0,
    "debits_posted": 0,
    "flags": 12,
    "id": 1001,
    "ledger": 1,
    "reserved": 0,
    "user_data_128": 0,
    "user_data_32": 0,
    "user_data_64": 0,
  },
  Object {
    "code": 1001,
    "credits_pending": 0,
    "credits_posted": 0,
    "debits_pending": 0,
    "debits_posted": 0,
    "flags": 12,
    "id": 1002,
    "ledger": 1,
    "reserved": 0,
    "user_data_128": 0,
    "user_data_32": 0,
    "user_data_64": 0,
  },
  Object {
    "code": 4101,
    "credits_pending": 0,
    "credits_posted": 0,
    "debits_pending": 0,
    "debits_posted": 0,
    "flags": 10,
    "id": 4101,
    "ledger": 1,
    "reserved": 0,
    "user_data_128": 0,
    "user_data_32": 0,
    "user_data_64": 0,
  },
  Object {
    "code": 4101,
    "credits_pending": 0,
    "credits_posted": 0,
    "debits_pending": 0,
    "debits_posted": 0,
    "flags": 10,
    "id": 4102,
    "ledger": 1,
    "reserved": 0,
    "user_data_128": 0,
    "user_data_32": 0,
    "user_data_64": 0,
  },
  Object {
    "code": 6001,
    "credits_pending": 0,
    "credits_posted": 0,
    "debits_pending": 0,
    "debits_posted": 0,
    "flags": 2,
    "id": 6001,
    "ledger": 1,
    "reserved": 0,
    "user_data_128": 0,
    "user_data_32": 0,
    "user_data_64": 0,
  },
  Object {
    "code": 6001,
    "credits_pending": 0,
    "credits_posted": 0,
    "debits_pending": 0,
    "debits_posted": 0,
    "flags": 4,
    "id": 6002,
    "ledger": 2,
    "reserved": 0,
    "user_data_128": 0,
    "user_data_32": 0,
    "user_data_64": 0,
  },
  Object {
    "code": 1,
    "credits_pending": 0,
    "credits_posted": 0,
    "debits_pending": 0,
    "debits_posted": 0,
    "flags": 0,
    "id": 9999,
    "ledger": 1,
    "reserved": 0,
    "user_data_128": 0,
    "user_data_32": 0,
    "user_data_64": 0,
  },
  Object {
    "code": 1,
    "credits_pending": 0,
    "credits_posted": 0,
    "debits_pending": 0,
    "debits_posted": 0,
    "flags": 4,
    "id": 9997,
    "ledger": 1,
    "reserved": 0,
    "user_data_128": 0,
    "user_data_32": 0,
    "user_data_64": 0,
  },
  Object {
    "code": 1,
    "credits_pending": 0,
    "credits_posted": 0,
    "debits_pending": 0,
    "debits_posted": 0,
    "flags": 2,
    "id": 9998,
    "ledger": 1,
    "reserved": 0,
    "user_data_128": 0,
    "user_data_32": 0,
    "user_data_64": 0,
  },
  Object {
    "code": 1,
    "credits_pending": 0,
    "credits_posted": 0,
    "debits_pending": 0,
    "debits_posted": 0,
    "flags": 0,
    "id": 9996,
    "ledger": 2,
    "reserved": 0,
    "user_data_128": 0,
    "user_data_32": 0,
    "user_data_64": 0,
  },
  Object {
    "code": 1,
    "credits_pending": 0,
    "credits_posted": 0,
    "debits_pending": 0,
    "debits_posted": 0,
    "flags": 4,
    "id": 9994,
    "ledger": 2,
    "reserved": 0,
    "user_data_128": 0,
    "user_data_32": 0,
    "user_data_64": 0,
  },
  Object {
    "code": 1,
    "credits_pending": 0,
    "credits_posted": 0,
    "debits_pending": 0,
    "debits_posted": 0,
    "flags": 2,
    "id": 9995,
    "ledger": 2,
    "reserved": 0,
    "user_data_128": 0,
    "user_data_32": 0,
    "user_data_64": 0,
  },
]
`;
