// Jest Snapshot v1, https://goo.gl/fbAQLP

exports[`formatNotificationAsString() should consistently format studio comId request notifications 1`] = `
"A comId request was created for test_id:
Request ID: test_id
Studio ID: test_studioId
Requested comID: test_comId
Time: 1970-01-01T00:00:00.123Z
Reporting User: test_userId
Requesting IP: 127.0.0.1"
`;

exports[`formatNotificationAsString() should consistently format user inst report notifications 1`] = `
"A user inst report was created for (null)/test_id:
Report ID: test_id
Time: 1970-01-01T00:00:00.123Z
Reporting User: userId
Reporting IP: 127.0.0.1
Reported URL: test_url
Reported Permalink: test_permalink
Is Automatic Report?: false

Reason: harassment

Text:
test_reason"
`;
