// Jest Snapshot v1, https://goo.gl/fbAQLP

exports[`allowAllFeatures() should match the snapshot 1`] = `
Object {
  "ai": Object {
    "chat": Object {
      "allowed": true,
    },
    "hume": Object {
      "allowed": true,
    },
    "images": Object {
      "allowed": true,
    },
    "openai": Object {
      "realtime": Object {
        "allowed": true,
      },
    },
    "skyboxes": Object {
      "allowed": true,
    },
    "sloyd": Object {
      "allowed": true,
    },
  },
  "data": Object {
    "allowed": true,
  },
  "databases": Object {
    "allowed": true,
  },
  "events": Object {
    "allowed": true,
  },
  "files": Object {
    "allowed": true,
  },
  "insts": Object {
    "allowed": true,
  },
  "notifications": Object {
    "allowed": true,
  },
  "packages": Object {
    "allowed": true,
  },
  "records": Object {
    "allowed": true,
  },
  "search": Object {
    "allowed": true,
  },
}
`;
