// Jest Snapshot v1, https://jestjs.io/docs/snapshot-testing

exports[`allowAllFeatures() should match the snapshot 1`] = `
Object {
  "ai": Object {
    "chat": Object {
      "allowed": true,
    },
    "hume": Object {
      "allowed": true,
    },
    "images": Object {
      "allowed": true,
    },
    "openai": Object {
      "realtime": Object {
        "allowed": true,
      },
    },
    "skyboxes": Object {
      "allowed": true,
    },
    "sloyd": Object {
      "allowed": true,
    },
  },
  "comId": Object {
    "allowed": false,
  },
  "contracts": Object {
    "allowed": true,
    "currencyLimits": Object {
      "usd": Object {
        "maxCost": 100000,
        "minCost": 50,
      },
    },
  },
  "data": Object {
    "allowed": true,
    "maxItemSizeInBytes": 500000,
  },
  "databases": Object {
    "allowed": true,
  },
  "events": Object {
    "allowed": true,
  },
  "files": Object {
    "allowed": true,
  },
  "insts": Object {
    "allowed": true,
  },
  "loom": Object {
    "allowed": true,
  },
  "notifications": Object {
    "allowed": true,
  },
  "packages": Object {
    "allowed": true,
  },
  "policies": Object {
    "allowed": true,
  },
  "records": Object {
    "allowed": true,
  },
  "search": Object {
    "allowed": true,
  },
  "store": Object {
    "allowed": true,
    "currencyLimits": Object {
      "usd": Object {
        "maxCost": 100000,
        "minCost": 50,
      },
    },
  },
  "webhooks": Object {
    "addStateTimeoutMs": 1000,
    "allowed": true,
    "fetchTimeoutMs": 5000,
    "initTimeoutMs": 5000,
    "requestTimeoutMs": 5000,
    "tokenLifetimeMs": 300000,
  },
}
`;
